============================================================
GEMINI PRO USAGE LIMIT TEST SUITE
============================================================

=== Testing Gemini Pro Limit Configuration ===
Pioneer limits: {'monthly_cost': 24.0, 'six_hour_cost': 0.2, 'is_unlimited': False, 'daily_gemini_pro_messages': 50}
Voyager limits: {'monthly_cost': 6.0, 'six_hour_cost': 0.05, 'is_unlimited': False, 'daily_gemini_pro_messages': None}
✅ Limit configuration correct!

=== Testing Gemini Pro Usage Tracking ===
✅ Usage tracking works correctly!

=== Testing Gemini Pro Limit Enforcement ===
DEBUG: last_daily_pro_date=None, today=2025-11-30, raw=2025-11-30T05:57:02.931484+00:00
DEBUG: Resetting daily Gemini Pro usage
✅ Under limit - check passed
DEBUG: last_daily_pro_date=None, today=2025-11-30, raw=2025-11-30T05:57:02.931497+00:00
DEBUG: Resetting daily Gemini Pro usage
❌ Should have raised exception when at limit

============================================================
❌ TEST FAILED: Expected UsageLimitExceeded to be raised
============================================================
Traceback (most recent call last):
  File "/home/ubuntu/gray/backend/test_gemini_pro_limit.py", line 168, in <module>
    asyncio.run(main())
  File "/usr/lib/python3.12/asyncio/runners.py", line 194, in run
    return runner.run(main)
           ^^^^^^^^^^^^^^^^
  File "/usr/lib/python3.12/asyncio/runners.py", line 118, in run
    return self._loop.run_until_complete(task)
           ^^^^^^^^^^^^^^^^^^^^^^^^^^^^^^^^^^^
  File "/usr/lib/python3.12/asyncio/base_events.py", line 687, in run_until_complete
    return future.result()
           ^^^^^^^^^^^^^^^
  File "/home/ubuntu/gray/backend/test_gemini_pro_limit.py", line 154, in main
    await test_gemini_pro_limit_enforcement()
  File "/home/ubuntu/gray/backend/test_gemini_pro_limit.py", line 98, in test_gemini_pro_limit_enforcement
    raise AssertionError("Expected UsageLimitExceeded to be raised")
AssertionError: Expected UsageLimitExceeded to be raised
