src/app/components/HeroTesseract.tsx(204,39): error TS2554: Expected 2 arguments, but got 3.
src/app/pricing/PricingClient.tsx(54,10): error TS2741: Property 'args' is missing in type '{ attach: string; array: Float32Array<ArrayBuffer>; count: number; itemSize: number; }' but required in type 'Mutable<Overwrite<Partial<Overwrite<BufferAttribute, MathProps<BufferAttribute> & ReactProps<BufferAttribute>>>, Omit<...>>>'.
src/app/pricing/PricingClient.tsx(60,10): error TS2741: Property 'args' is missing in type '{ attach: string; array: Float32Array<ArrayBuffer>; count: number; itemSize: number; }' but required in type 'Mutable<Overwrite<Partial<Overwrite<BufferAttribute, MathProps<BufferAttribute> & ReactProps<BufferAttribute>>>, Omit<...>>>'.
src/app/pricing/PricingClient.tsx(67,7): error TS2339: Property 'pointsMaterial' does not exist on type 'JSX.IntrinsicElements'.
src/app/pricing/PricingClient.tsx(75,5): error TS2339: Property 'points' does not exist on type 'JSX.IntrinsicElements'.
src/app/pricing/PricingClient.tsx(88,9): error TS2339: Property 'fog' does not exist on type 'JSX.IntrinsicElements'.
src/app/pricing/PricingClient.tsx(89,9): error TS2339: Property 'ambientLight' does not exist on type 'JSX.IntrinsicElements'.
src/app/pricing/PricingClient.tsx(90,9): error TS2339: Property 'pointLight' does not exist on type 'JSX.IntrinsicElements'.
src/app/pricing/PricingClient.tsx(125,13): error TS2322: Type '{ storeId: string | undefined; voyagerVariantId: string | undefined; pioneerVariantId: string | undefined; userId: number | undefined; }' is not assignable to type 'IntrinsicAttributes'.
  Property 'storeId' does not exist on type 'IntrinsicAttributes'.
src/app/pricing/page.tsx(1,34): error TS5097: An import path can only end with a '.tsx' extension when 'allowImportingTsExtensions' is enabled.
src/components/LoginForm.tsx(398,11): error TS2353: Object literal may only specify known properties, and 'captchaToken' does not exist in type '{ redirectTo?: string | undefined; scopes?: string | undefined; queryParams?: { [key: string]: string; } | undefined; skipBrowserRedirect?: boolean | undefined; }'.
src/components/gray/ChatProvider.tsx(853,12): error TS2352: Conversion of type 'Record<string, unknown>' to type 'GrayReminderCreatedPayload' may be a mistake because neither type sufficiently overlaps with the other. If this was intentional, convert the expression to 'unknown' first.
  Type 'Record<string, unknown>' is missing the following properties from type 'GrayReminderCreatedPayload': type, source, status, entity, data
src/components/gray/ChatProvider.tsx(906,5): error TS2322: Type 'unknown' is not assignable to type 'string | null | undefined'.
src/components/gray/ChatProvider.tsx(911,7): error TS2322: Type '{}' is not assignable to type 'string'.
src/components/gray/ChatProvider.tsx(912,7): error TS2322: Type 'unknown' is not assignable to type 'string | null | undefined'.
src/components/gray/ChatProvider.tsx(913,7): error TS2322: Type 'unknown' is not assignable to type 'string | null | undefined'.
src/components/gray/ChatProvider.tsx(914,7): error TS2322: Type '{} | null' is not assignable to type 'string | number | null | undefined'.
  Type '{}' is not assignable to type 'string | number | null | undefined'.
src/components/gray/ChatProvider.tsx(915,7): error TS2322: Type 'unknown' is not assignable to type 'string | null | undefined'.
src/components/gray/PersonalizationPanel.tsx(544,9): error TS2353: Object literal may only specify known properties, and 'personalization_system_prompt_override' does not exist in type '{ full_name?: string | undefined; profile_picture_url?: string | undefined; role?: string | undefined; plan_tier?: string | null | undefined; personalization_nickname?: string | null | undefined; ... 5 more ...; has_seen_general_chat?: boolean | undefined; }'.
src/components/gray/chat/reminderUtils.ts(167,16): error TS2352: Conversion of type 'Record<string, unknown>' to type 'GrayReminderCreatedPayload' may be a mistake because neither type sufficiently overlaps with the other. If this was intentional, convert the expression to 'unknown' first.
  Type 'Record<string, unknown>' is missing the following properties from type 'GrayReminderCreatedPayload': type, source, status, entity, data
src/components/gray/chat/reminderUtils.ts(223,13): error TS2322: Type '{}' is not assignable to type 'string'.
src/components/gray/chat/reminderUtils.ts(224,13): error TS2322: Type 'unknown' is not assignable to type 'string | null | undefined'.
src/components/gray/chat/reminderUtils.ts(226,13): error TS2322: Type '{} | null' is not assignable to type 'string | number | null | undefined'.
  Type '{}' is not assignable to type 'string | number | null | undefined'.
src/components/gray/chat/reminderUtils.ts(227,13): error TS2322: Type 'unknown' is not assignable to type 'string | null | undefined'.
src/components/gray/chat/reminderUtils.ts(380,44): error TS2304: Cannot find name 'ParsedReminderBlock'.
src/components/gray/chat/reminderUtils.ts(381,20): error TS2304: Cannot find name 'ParsedReminderBlock'.
src/contexts/UserContext.tsx(412,21): error TS2345: Argument of type '{ profile_picture_url: string | null; id: number; email: string; full_name: string; role: string; plan_tier?: string | null; initials: string; workspace_background_id?: string | null; ... 10 more ...; usage_status?: UsageStatus | null; }' is not assignable to parameter of type 'SetStateAction<User | null>'.
  Type '{ profile_picture_url: string | null; id: number; email: string; full_name: string; role: string; plan_tier?: string | null; initials: string; workspace_background_id?: string | null; ... 10 more ...; usage_status?: UsageStatus | null; }' is not assignable to type 'User'.
    Types of property 'profile_picture_url' are incompatible.
      Type 'string | null' is not assignable to type 'string | undefined'.
        Type 'null' is not assignable to type 'string | undefined'.
src/contexts/UserContext.tsx(413,51): error TS2345: Argument of type '{ profile_picture_url: string | null; id: number; email: string; full_name: string; role: string; plan_tier?: string | null; initials: string; workspace_background_id?: string | null; ... 10 more ...; usage_status?: UsageStatus | null; }' is not assignable to parameter of type 'User'.
  Types of property 'profile_picture_url' are incompatible.
    Type 'string | null' is not assignable to type 'string | undefined'.
      Type 'null' is not assignable to type 'string | undefined'.
src/contexts/UserContext.tsx(422,23): error TS2345: Argument of type '{ profile_picture_url: string | null; id: number; email: string; full_name: string; role: string; plan_tier?: string | null; initials: string; workspace_background_id?: string | null; ... 10 more ...; usage_status?: UsageStatus | null; }' is not assignable to parameter of type 'SetStateAction<User | null>'.
  Type '{ profile_picture_url: string | null; id: number; email: string; full_name: string; role: string; plan_tier?: string | null; initials: string; workspace_background_id?: string | null; ... 10 more ...; usage_status?: UsageStatus | null; }' is not assignable to type 'User'.
    Types of property 'profile_picture_url' are incompatible.
      Type 'string | null' is not assignable to type 'string | undefined'.
        Type 'null' is not assignable to type 'string | undefined'.
src/contexts/UserContext.tsx(423,61): error TS2345: Argument of type '{ profile_picture_url: string | null; id: number; email: string; full_name: string; role: string; plan_tier?: string | null; initials: string; workspace_background_id?: string | null; ... 10 more ...; usage_status?: UsageStatus | null; }' is not assignable to parameter of type 'User'.
  Types of property 'profile_picture_url' are incompatible.
    Type 'string | null' is not assignable to type 'string | undefined'.
      Type 'null' is not assignable to type 'string | undefined'.
src/contexts/UserContext.tsx(433,21): error TS2345: Argument of type '{ profile_picture_url: string | null; id: number; email: string; full_name: string; role: string; plan_tier?: string | null; initials: string; workspace_background_id?: string | null; ... 10 more ...; usage_status?: UsageStatus | null; }' is not assignable to parameter of type 'SetStateAction<User | null>'.
  Type '{ profile_picture_url: string | null; id: number; email: string; full_name: string; role: string; plan_tier?: string | null; initials: string; workspace_background_id?: string | null; ... 10 more ...; usage_status?: UsageStatus | null; }' is not assignable to type 'User'.
    Types of property 'profile_picture_url' are incompatible.
      Type 'string | null' is not assignable to type 'string | undefined'.
        Type 'null' is not assignable to type 'string | undefined'.
src/contexts/UserContext.tsx(434,51): error TS2345: Argument of type '{ profile_picture_url: string | null; id: number; email: string; full_name: string; role: string; plan_tier?: string | null; initials: string; workspace_background_id?: string | null; ... 10 more ...; usage_status?: UsageStatus | null; }' is not assignable to parameter of type 'User'.
  Types of property 'profile_picture_url' are incompatible.
    Type 'string | null' is not assignable to type 'string | undefined'.
      Type 'null' is not assignable to type 'string | undefined'.
src/contexts/UserContext.tsx(457,21): error TS2345: Argument of type '{ profile_picture_url: string | null; id: number; email: string; full_name: string; role: string; plan_tier?: string | null; initials: string; workspace_background_id?: string | null; ... 10 more ...; usage_status?: UsageStatus | null; }' is not assignable to parameter of type 'SetStateAction<User | null>'.
  Type '{ profile_picture_url: string | null; id: number; email: string; full_name: string; role: string; plan_tier?: string | null; initials: string; workspace_background_id?: string | null; ... 10 more ...; usage_status?: UsageStatus | null; }' is not assignable to type 'User'.
    Types of property 'profile_picture_url' are incompatible.
      Type 'string | null' is not assignable to type 'string | undefined'.
        Type 'null' is not assignable to type 'string | undefined'.
src/contexts/UserContext.tsx(458,51): error TS2345: Argument of type '{ profile_picture_url: string | null; id: number; email: string; full_name: string; role: string; plan_tier?: string | null; initials: string; workspace_background_id?: string | null; ... 10 more ...; usage_status?: UsageStatus | null; }' is not assignable to parameter of type 'User'.
  Types of property 'profile_picture_url' are incompatible.
    Type 'string | null' is not assignable to type 'string | undefined'.
      Type 'null' is not assignable to type 'string | undefined'.
